Job started at  Fri Sep 27 21:43:00 CEST 2019
batch dir: /pool/condor/dir_22108 release: /afs/cern.ch/cms/CAF/CMSALCA/ALCA_TRACKERALIGN/data/commonValidation/alignmentObjects/paconnor/CMSSW_10_6_0/src release base: /cvmfs/cms.cern.ch/slc7_amd64_gcc700/cms/cmssw/CMSSW_10_6_0
cmsRun PVValidation_mp3218m_276807_cfg.py
>>>>>>>>>> testPVValidation_cfg.py: msg%-i: This is DATA!
>>>>>>>>>> testPVValidation_cfg.py: msg%-i: Applying TrackerSurfaceDeformations!
>>>>>>>>>> testPVValidation_cfg.py: msg%-i: Running DA Algorithm!
Content of working dir is total 9.0M -rw-r--r--. 1 tkello zh 8.9M Sep 27 23:07 PVValidation_mp3218m_276807.root -rw-r--r--. 1 tkello zh 20K Sep 27 21:44 PVValidation_mp3218m_276807_cfg.py -rw-r--r--. 1 tkello zh 8.9K Sep 27 23:07 _condor_stderr -rw-r--r--. 1 tkello zh 522 Sep 27 21:53 _condor_stdout -rwxr-xr-x. 1 tkello zh 1018 Sep 27 21:42 condor_exec.exe -rw-------. 1 tkello zh 4.3K Sep 27 22:11 tkello.cc drwx------. 3 tkello zh 4.0K Sep 27 21:43 tmp drwx------. 3 tkello zh 4.0K Sep 27 21:42 var
Job ended at  Fri Sep 27 23:07:17 CEST 2019
