Job started at  Thu Sep 26 12:57:40 CEST 2019
batch dir: /pool/condor/dir_6365 release: /afs/cern.ch/cms/CAF/CMSALCA/ALCA_TRACKERALIGN/data/commonValidation/alignmentObjects/paconnor/CMSSW_10_6_0/src release base: /cvmfs/cms.cern.ch/slc7_amd64_gcc700/cms/cmssw/CMSSW_10_6_0
cmsRun PVValidation_mp3218m_277127_cfg.py
>>>>>>>>>> testPVValidation_cfg.py: msg%-i: This is DATA!
>>>>>>>>>> testPVValidation_cfg.py: msg%-i: Applying TrackerSurfaceDeformations!
>>>>>>>>>> testPVValidation_cfg.py: msg%-i: Running DA Algorithm!
Content of working dir is total 10M -rw-r--r--. 1 tkello zh 9.9M Sep 26 16:32 PVValidation_mp3218m_277127.root -rw-r--r--. 1 tkello zh 21K Sep 26 12:57 PVValidation_mp3218m_277127_cfg.py -rw-r--r--. 1 tkello zh 11K Sep 26 16:32 _condor_stderr -rw-r--r--. 1 tkello zh 521 Sep 26 12:57 _condor_stdout -rwxr-xr-x. 1 tkello zh 1015 Sep 26 12:57 condor_exec.exe -rw-------. 1 tkello zh 4.3K Sep 26 12:57 tkello.cc drwx------. 3 tkello zh 4.0K Sep 26 12:57 tmp drwx------. 3 tkello zh 4.0K Sep 26 12:57 var
Job ended at  Thu Sep 26 16:32:54 CEST 2019
