Job started at  Thu Sep 26 12:52:48 CEST 2019
batch dir: /pool/condor/dir_12733 release: /afs/cern.ch/cms/CAF/CMSALCA/ALCA_TRACKERALIGN/data/commonValidation/alignmentObjects/paconnor/CMSSW_10_6_0/src release base: /cvmfs/cms.cern.ch/slc7_amd64_gcc700/cms/cmssw/CMSSW_10_6_0
cmsRun PVValidation_mp3218m_276837_cfg.py
>>>>>>>>>> testPVValidation_cfg.py: msg%-i: This is DATA!
>>>>>>>>>> testPVValidation_cfg.py: msg%-i: Applying TrackerSurfaceDeformations!
>>>>>>>>>> testPVValidation_cfg.py: msg%-i: Running DA Algorithm!
Content of working dir is total 2.9M -rw-r--r--. 1 tkello zh 2.9M Sep 26 12:54 PVValidation_mp3218m_276837.root -rw-r--r--. 1 tkello zh 20K Sep 26 12:52 PVValidation_mp3218m_276837_cfg.py -rw-r--r--. 1 tkello zh 5.9K Sep 26 12:54 _condor_stderr -rw-r--r--. 1 tkello zh 522 Sep 26 12:53 _condor_stdout -rwxr-xr-x. 1 tkello zh 1015 Sep 26 12:52 condor_exec.exe -rw-------. 1 tkello zh 4.3K Sep 26 12:53 tkello.cc drwx------. 3 tkello zh 4.0K Sep 26 12:52 tmp drwx------. 3 tkello zh 4.0K Sep 26 12:52 var
Job ended at  Thu Sep 26 12:54:16 CEST 2019
