Job started at  Fri Sep 27 21:38:02 CEST 2019
batch dir: /pool/condor/dir_7166 release: /afs/cern.ch/cms/CAF/CMSALCA/ALCA_TRACKERALIGN/data/commonValidation/alignmentObjects/paconnor/CMSSW_10_6_0/src release base: /cvmfs/cms.cern.ch/slc7_amd64_gcc700/cms/cmssw/CMSSW_10_6_0
cmsRun PVValidation_mp3218m_272814_cfg.py
>>>>>>>>>> testPVValidation_cfg.py: msg%-i: This is DATA!
>>>>>>>>>> testPVValidation_cfg.py: msg%-i: Applying TrackerSurfaceDeformations!
>>>>>>>>>> testPVValidation_cfg.py: msg%-i: Running DA Algorithm!
Content of working dir is total 2.9M -rw-r--r--. 1 tkello zh 2.9M Sep 27 21:38 PVValidation_mp3218m_272814.root -rw-r--r--. 1 tkello zh 20K Sep 27 21:38 PVValidation_mp3218m_272814_cfg.py -rw-r--r--. 1 tkello zh 3.3K Sep 27 21:38 _condor_stderr -rw-r--r--. 1 tkello zh 521 Sep 27 21:38 _condor_stdout -rwxr-xr-x. 1 tkello zh 1021 Sep 27 21:38 condor_exec.exe -rw-------. 1 tkello zh 4.3K Sep 27 21:38 tkello.cc drwx------. 3 tkello zh 4.0K Sep 27 21:38 tmp drwx------. 3 tkello zh 4.0K Sep 27 21:38 var
Job ended at  Fri Sep 27 21:38:55 CEST 2019
