Job started at  Thu Sep 26 11:36:33 CEST 2019
batch dir: /pool/condor/dir_19349 release: /afs/cern.ch/cms/CAF/CMSALCA/ALCA_TRACKERALIGN/data/commonValidation/alignmentObjects/paconnor/CMSSW_10_6_0/src release base: /cvmfs/cms.cern.ch/slc7_amd64_gcc700/cms/cmssw/CMSSW_10_6_0
cmsRun PVValidation_mp3218m_272021_cfg.py
>>>>>>>>>> testPVValidation_cfg.py: msg%-i: This is DATA!
>>>>>>>>>> testPVValidation_cfg.py: msg%-i: Applying TrackerSurfaceDeformations!
>>>>>>>>>> testPVValidation_cfg.py: msg%-i: Running DA Algorithm!
Content of working dir is total 3.3M -rw-r--r--. 1 tkello zh 2.9M Sep 26 11:37 PVValidation_mp3218m_272021.root -rw-r--r--. 1 tkello zh 20K Sep 26 11:36 PVValidation_mp3218m_272021_cfg.py -rw-r--r--. 1 tkello zh 400K Sep 26 11:37 _condor_stderr -rw-r--r--. 1 tkello zh 522 Sep 26 11:36 _condor_stdout -rwxr-xr-x. 1 tkello zh 1018 Sep 26 11:36 condor_exec.exe -rw-------. 1 tkello zh 4.3K Sep 26 11:36 tkello.cc drwx------. 3 tkello zh 4.0K Sep 26 11:36 tmp drwx------. 3 tkello zh 4.0K Sep 26 11:36 var
Job ended at  Thu Sep 26 11:37:07 CEST 2019
