Job started at  Fri Sep 27 21:41:48 CEST 2019
batch dir: /pool/condor/dir_26843 release: /afs/cern.ch/cms/CAF/CMSALCA/ALCA_TRACKERALIGN/data/commonValidation/alignmentObjects/paconnor/CMSSW_10_6_0/src release base: /cvmfs/cms.cern.ch/slc7_amd64_gcc700/cms/cmssw/CMSSW_10_6_0
cmsRun PVValidation_mp3218m_273592_cfg.py
>>>>>>>>>> testPVValidation_cfg.py: msg%-i: This is DATA!
>>>>>>>>>> testPVValidation_cfg.py: msg%-i: Applying TrackerSurfaceDeformations!
>>>>>>>>>> testPVValidation_cfg.py: msg%-i: Running DA Algorithm!
Content of working dir is total 7.8M -rw-r--r--. 1 tkello zh 7.7M Sep 27 21:52 PVValidation_mp3218m_273592.root -rw-r--r--. 1 tkello zh 20K Sep 27 21:41 PVValidation_mp3218m_273592_cfg.py -rw-r--r--. 1 tkello zh 2.9K Sep 27 21:52 _condor_stderr -rw-r--r--. 1 tkello zh 522 Sep 27 21:42 _condor_stdout -rwxr-xr-x. 1 tkello zh 1021 Sep 27 21:41 condor_exec.exe -rw-------. 1 tkello zh 4.3K Sep 27 21:42 tkello.cc drwx------. 3 tkello zh 4.0K Sep 27 21:41 tmp drwx------. 3 tkello zh 4.0K Sep 27 21:41 var
Job ended at  Fri Sep 27 21:52:10 CEST 2019
