Job started at  Thu Sep 26 12:35:02 CEST 2019
batch dir: /pool/condor/dir_15724 release: /afs/cern.ch/cms/CAF/CMSALCA/ALCA_TRACKERALIGN/data/commonValidation/alignmentObjects/paconnor/CMSSW_10_6_0/src release base: /cvmfs/cms.cern.ch/slc7_amd64_gcc700/cms/cmssw/CMSSW_10_6_0
cmsRun PVValidation_mp3218m_273302_cfg.py
>>>>>>>>>> testPVValidation_cfg.py: msg%-i: This is DATA!
>>>>>>>>>> testPVValidation_cfg.py: msg%-i: Applying TrackerSurfaceDeformations!
>>>>>>>>>> testPVValidation_cfg.py: msg%-i: Running DA Algorithm!
Content of working dir is total 9.3M -rw-r--r--. 1 tkello zh 9.3M Sep 26 15:32 PVValidation_mp3218m_273302.root -rw-r--r--. 1 tkello zh 20K Sep 26 12:35 PVValidation_mp3218m_273302_cfg.py -rw-r--r--. 1 tkello zh 8.5K Sep 26 15:32 _condor_stderr -rw-r--r--. 1 tkello zh 522 Sep 26 12:43 _condor_stdout -rwxr-xr-x. 1 tkello zh 1018 Sep 26 12:34 condor_exec.exe -rw-------. 1 tkello zh 4.3K Sep 26 13:04 tkello.cc drwx------. 3 tkello zh 4.0K Sep 26 12:35 tmp drwx------. 3 tkello zh 4.0K Sep 26 12:34 var
Job ended at  Thu Sep 26 15:32:37 CEST 2019
