Job started at  Thu Sep 26 12:47:00 CEST 2019
batch dir: /pool/condor/dir_18185 release: /afs/cern.ch/cms/CAF/CMSALCA/ALCA_TRACKERALIGN/data/commonValidation/alignmentObjects/paconnor/CMSSW_10_6_0/src release base: /cvmfs/cms.cern.ch/slc7_amd64_gcc700/cms/cmssw/CMSSW_10_6_0
cmsRun PVValidation_mp3218m_275059_cfg.py
>>>>>>>>>> testPVValidation_cfg.py: msg%-i: This is DATA!
>>>>>>>>>> testPVValidation_cfg.py: msg%-i: Applying TrackerSurfaceDeformations!
>>>>>>>>>> testPVValidation_cfg.py: msg%-i: Running DA Algorithm!
Content of working dir is total 9.0M -rw-r--r--. 1 tkello zh 8.9M Sep 26 13:31 PVValidation_mp3218m_275059.root -rw-r--r--. 1 tkello zh 20K Sep 26 12:47 PVValidation_mp3218m_275059_cfg.py -rw-r--r--. 1 tkello zh 8.5K Sep 26 13:31 _condor_stderr -rw-r--r--. 1 tkello zh 522 Sep 26 12:47 _condor_stdout -rwxr-xr-x. 1 tkello zh 1018 Sep 26 12:47 condor_exec.exe -rw-------. 1 tkello zh 4.3K Sep 26 12:47 tkello.cc drwx------. 3 tkello zh 4.0K Sep 26 12:47 tmp drwx------. 3 tkello zh 4.0K Sep 26 12:47 var
Job ended at  Thu Sep 26 13:31:32 CEST 2019
