Job started at  Thu Sep 26 12:39:53 CEST 2019
batch dir: /pool/condor/dir_10973 release: /afs/cern.ch/cms/CAF/CMSALCA/ALCA_TRACKERALIGN/data/commonValidation/alignmentObjects/paconnor/CMSSW_10_6_0/src release base: /cvmfs/cms.cern.ch/slc7_amd64_gcc700/cms/cmssw/CMSSW_10_6_0
cmsRun PVValidation_mp3218m_274336_cfg.py
>>>>>>>>>> testPVValidation_cfg.py: msg%-i: This is DATA!
>>>>>>>>>> testPVValidation_cfg.py: msg%-i: Applying TrackerSurfaceDeformations!
>>>>>>>>>> testPVValidation_cfg.py: msg%-i: Running DA Algorithm!
Content of working dir is total 9.2M -rw-r--r--. 1 tkello zh 9.2M Sep 26 14:01 PVValidation_mp3218m_274336.root -rw-r--r--. 1 tkello zh 20K Sep 26 12:39 PVValidation_mp3218m_274336_cfg.py -rw-r--r--. 1 tkello zh 7.4K Sep 26 14:01 _condor_stderr -rw-r--r--. 1 tkello zh 522 Sep 26 12:40 _condor_stdout -rwxr-xr-x. 1 tkello zh 1018 Sep 26 12:39 condor_exec.exe -rw-------. 1 tkello zh 4.3K Sep 26 12:40 tkello.cc drwx------. 3 tkello zh 4.0K Sep 26 12:39 tmp drwx------. 3 tkello zh 4.0K Sep 26 12:39 var
Job ended at  Thu Sep 26 14:01:13 CEST 2019
