Job started at  Thu Sep 26 12:37:47 CEST 2019
batch dir: /pool/condor/dir_28851 release: /afs/cern.ch/cms/CAF/CMSALCA/ALCA_TRACKERALIGN/data/commonValidation/alignmentObjects/paconnor/CMSSW_10_6_0/src release base: /cvmfs/cms.cern.ch/slc7_amd64_gcc700/cms/cmssw/CMSSW_10_6_0
cmsRun PVValidation_mp3218m_273410_cfg.py
>>>>>>>>>> testPVValidation_cfg.py: msg%-i: This is DATA!
>>>>>>>>>> testPVValidation_cfg.py: msg%-i: Applying TrackerSurfaceDeformations!
>>>>>>>>>> testPVValidation_cfg.py: msg%-i: Running DA Algorithm!
Content of working dir is total 9.1M -rw-r--r--. 1 tkello zh 9.0M Sep 26 14:03 PVValidation_mp3218m_273410.root -rw-r--r--. 1 tkello zh 20K Sep 26 12:37 PVValidation_mp3218m_273410_cfg.py -rw-r--r--. 1 tkello zh 6.8K Sep 26 14:03 _condor_stderr -rw-r--r--. 1 tkello zh 522 Sep 26 12:38 _condor_stdout -rwxr-xr-x. 1 tkello zh 1018 Sep 26 12:37 condor_exec.exe -rw-------. 1 tkello zh 4.3K Sep 26 12:38 tkello.cc drwx------. 3 tkello zh 4.0K Sep 26 12:37 tmp drwx------. 3 tkello zh 4.0K Sep 26 12:37 var
Job ended at  Thu Sep 26 14:03:56 CEST 2019
