Job started at  Thu Sep 26 12:49:54 CEST 2019
batch dir: /pool/condor/dir_2917 release: /afs/cern.ch/cms/CAF/CMSALCA/ALCA_TRACKERALIGN/data/commonValidation/alignmentObjects/paconnor/CMSSW_10_6_0/src release base: /cvmfs/cms.cern.ch/slc7_amd64_gcc700/cms/cmssw/CMSSW_10_6_0
cmsRun PVValidation_mp3218m_275338_cfg.py
>>>>>>>>>> testPVValidation_cfg.py: msg%-i: This is DATA!
>>>>>>>>>> testPVValidation_cfg.py: msg%-i: Applying TrackerSurfaceDeformations!
>>>>>>>>>> testPVValidation_cfg.py: msg%-i: Running DA Algorithm!
Content of working dir is total 9.8M -rw-r--r--. 1 tkello zh 9.8M Sep 26 15:37 PVValidation_mp3218m_275338.root -rw-r--r--. 1 tkello zh 21K Sep 26 12:49 PVValidation_mp3218m_275338_cfg.py -rw-r--r--. 1 tkello zh 9.6K Sep 26 15:37 _condor_stderr -rw-r--r--. 1 tkello zh 521 Sep 26 12:50 _condor_stdout -rwxr-xr-x. 1 tkello zh 1018 Sep 26 12:49 condor_exec.exe -rw-------. 1 tkello zh 4.3K Sep 26 12:50 tkello.cc drwx------. 3 tkello zh 4.0K Sep 26 12:49 tmp drwx------. 3 tkello zh 4.0K Sep 26 12:49 var
Job ended at  Thu Sep 26 15:37:18 CEST 2019
