Job started at  Thu Sep 26 12:39:50 CEST 2019
batch dir: /pool/condor/dir_12333 release: /afs/cern.ch/cms/CAF/CMSALCA/ALCA_TRACKERALIGN/data/commonValidation/alignmentObjects/paconnor/CMSSW_10_6_0/src release base: /cvmfs/cms.cern.ch/slc7_amd64_gcc700/cms/cmssw/CMSSW_10_6_0
cmsRun PVValidation_mp3218m_274172_cfg.py
>>>>>>>>>> testPVValidation_cfg.py: msg%-i: This is DATA!
>>>>>>>>>> testPVValidation_cfg.py: msg%-i: Applying TrackerSurfaceDeformations!
>>>>>>>>>> testPVValidation_cfg.py: msg%-i: Running DA Algorithm!
Content of working dir is total 8.8M -rw-r--r--. 1 tkello zh 8.7M Sep 26 13:24 PVValidation_mp3218m_274172.root -rw-r--r--. 1 tkello zh 20K Sep 26 12:39 PVValidation_mp3218m_274172_cfg.py -rw-r--r--. 1 tkello zh 6.0K Sep 26 13:24 _condor_stderr -rw-r--r--. 1 tkello zh 522 Sep 26 12:40 _condor_stdout -rwxr-xr-x. 1 tkello zh 1018 Sep 26 12:39 condor_exec.exe -rw-------. 1 tkello zh 4.3K Sep 26 12:40 tkello.cc drwx------. 3 tkello zh 4.0K Sep 26 12:39 tmp drwx------. 3 tkello zh 4.0K Sep 26 12:39 var
Job ended at  Thu Sep 26 13:24:38 CEST 2019
