Job started at  Fri Sep 27 21:44:18 CEST 2019
batch dir: /pool/condor/dir_21922 release: /afs/cern.ch/cms/CAF/CMSALCA/ALCA_TRACKERALIGN/data/commonValidation/alignmentObjects/paconnor/CMSSW_10_6_0/src release base: /cvmfs/cms.cern.ch/slc7_amd64_gcc700/cms/cmssw/CMSSW_10_6_0
cmsRun PVValidation_mp3218m_284035_cfg.py
>>>>>>>>>> testPVValidation_cfg.py: msg%-i: This is DATA!
>>>>>>>>>> testPVValidation_cfg.py: msg%-i: Applying TrackerSurfaceDeformations!
>>>>>>>>>> testPVValidation_cfg.py: msg%-i: Running DA Algorithm!
Content of working dir is total 11M -rw-r--r--. 1 tkello zh 11M Sep 28 01:54 PVValidation_mp3218m_284035.root -rw-r--r--. 1 tkello zh 21K Sep 27 21:44 PVValidation_mp3218m_284035_cfg.py -rw-r--r--. 1 tkello zh 11K Sep 28 01:54 _condor_stderr -rw-r--r--. 1 tkello zh 522 Sep 27 21:44 _condor_stdout -rwxr-xr-x. 1 tkello zh 1018 Sep 27 21:44 condor_exec.exe -rw-------. 1 tkello zh 4.3K Sep 27 21:44 tkello.cc drwx------. 3 tkello zh 4.0K Sep 27 21:44 tmp drwx------. 3 tkello zh 4.0K Sep 27 21:44 var
Job ended at  Sat Sep 28 01:54:43 CEST 2019
