Job started at  Thu Sep 26 12:50:20 CEST 2019
batch dir: /pool/condor/dir_5095 release: /afs/cern.ch/cms/CAF/CMSALCA/ALCA_TRACKERALIGN/data/commonValidation/alignmentObjects/paconnor/CMSSW_10_6_0/src release base: /cvmfs/cms.cern.ch/slc7_amd64_gcc700/cms/cmssw/CMSSW_10_6_0
cmsRun PVValidation_mp3218m_278273_cfg.py
>>>>>>>>>> testPVValidation_cfg.py: msg%-i: This is DATA!
>>>>>>>>>> testPVValidation_cfg.py: msg%-i: Applying TrackerSurfaceDeformations!
>>>>>>>>>> testPVValidation_cfg.py: msg%-i: Running DA Algorithm!
Content of working dir is total 8.8M -rw-r--r--. 1 tkello zh 8.7M Sep 26 13:15 PVValidation_mp3218m_278273.root -rw-r--r--. 1 tkello zh 20K Sep 26 12:50 PVValidation_mp3218m_278273_cfg.py -rw-r--r--. 1 tkello zh 5.9K Sep 26 13:15 _condor_stderr -rw-r--r--. 1 tkello zh 521 Sep 26 12:50 _condor_stdout -rwxr-xr-x. 1 tkello zh 1015 Sep 26 12:50 condor_exec.exe -rw-------. 1 tkello zh 4.3K Sep 26 12:50 tkello.cc drwx------. 3 tkello zh 4.0K Sep 26 12:50 tmp drwx------. 3 tkello zh 4.0K Sep 26 12:50 var
Job ended at  Thu Sep 26 13:15:50 CEST 2019
