Job started at  Thu Sep 26 13:05:50 CEST 2019
batch dir: /pool/condor/dir_20915 release: /afs/cern.ch/cms/CAF/CMSALCA/ALCA_TRACKERALIGN/data/commonValidation/alignmentObjects/paconnor/CMSSW_10_6_0/src release base: /cvmfs/cms.cern.ch/slc7_amd64_gcc700/cms/cmssw/CMSSW_10_6_0
cmsRun PVValidation_mp3218m_279071_cfg.py
>>>>>>>>>> testPVValidation_cfg.py: msg%-i: This is DATA!
>>>>>>>>>> testPVValidation_cfg.py: msg%-i: Applying TrackerSurfaceDeformations!
>>>>>>>>>> testPVValidation_cfg.py: msg%-i: Running DA Algorithm!
Content of working dir is total 9.4M -rw-r--r--. 1 tkello zh 9.4M Sep 26 14:22 PVValidation_mp3218m_279071.root -rw-r--r--. 1 tkello zh 21K Sep 26 13:05 PVValidation_mp3218m_279071_cfg.py -rw-r--r--. 1 tkello zh 9.0K Sep 26 14:22 _condor_stderr -rw-r--r--. 1 tkello zh 522 Sep 26 13:05 _condor_stdout -rwxr-xr-x. 1 tkello zh 1015 Sep 26 13:05 condor_exec.exe -rw-------. 1 tkello zh 4.3K Sep 26 13:05 tkello.cc drwx------. 3 tkello zh 4.0K Sep 26 13:05 tmp drwx------. 3 tkello zh 4.0K Sep 26 13:05 var
Job ended at  Thu Sep 26 14:22:46 CEST 2019
