Job started at  Thu Sep 26 13:08:04 CEST 2019
batch dir: /pool/condor/dir_18847 release: /afs/cern.ch/cms/CAF/CMSALCA/ALCA_TRACKERALIGN/data/commonValidation/alignmentObjects/paconnor/CMSSW_10_6_0/src release base: /cvmfs/cms.cern.ch/slc7_amd64_gcc700/cms/cmssw/CMSSW_10_6_0
cmsRun PVValidation_mp3218m_279716_cfg.py
>>>>>>>>>> testPVValidation_cfg.py: msg%-i: This is DATA!
>>>>>>>>>> testPVValidation_cfg.py: msg%-i: Applying TrackerSurfaceDeformations!
>>>>>>>>>> testPVValidation_cfg.py: msg%-i: Running DA Algorithm!
Content of working dir is total 9.8M -rw-r--r--. 1 tkello zh 9.7M Sep 26 16:57 PVValidation_mp3218m_279716.root -rw-r--r--. 1 tkello zh 21K Sep 26 13:08 PVValidation_mp3218m_279716_cfg.py -rw-r--r--. 1 tkello zh 9.5K Sep 26 16:56 _condor_stderr -rw-r--r--. 1 tkello zh 522 Sep 26 13:13 _condor_stdout -rwxr-xr-x. 1 tkello zh 1015 Sep 26 13:08 condor_exec.exe -rw-------. 1 tkello zh 4.3K Sep 26 13:30 tkello.cc drwx------. 3 tkello zh 4.0K Sep 26 13:08 tmp drwx------. 3 tkello zh 4.0K Sep 26 13:08 var
Job ended at  Thu Sep 26 16:57:10 CEST 2019
