Job started at  Thu Sep 26 12:53:07 CEST 2019
batch dir: /pool/condor/dir_9842 release: /afs/cern.ch/cms/CAF/CMSALCA/ALCA_TRACKERALIGN/data/commonValidation/alignmentObjects/paconnor/CMSSW_10_6_0/src release base: /cvmfs/cms.cern.ch/slc7_amd64_gcc700/cms/cmssw/CMSSW_10_6_0
cmsRun PVValidation_mp3218m_279766_cfg.py
>>>>>>>>>> testPVValidation_cfg.py: msg%-i: This is DATA!
>>>>>>>>>> testPVValidation_cfg.py: msg%-i: Applying TrackerSurfaceDeformations!
>>>>>>>>>> testPVValidation_cfg.py: msg%-i: Running DA Algorithm!
Content of working dir is total 9.8M -rw-r--r--. 1 tkello zh 9.7M Sep 26 15:56 PVValidation_mp3218m_279766.root -rw-r--r--. 1 tkello zh 21K Sep 26 12:53 PVValidation_mp3218m_279766_cfg.py -rw-r--r--. 1 tkello zh 9.1K Sep 26 15:56 _condor_stderr -rw-r--r--. 1 tkello zh 521 Sep 26 12:53 _condor_stdout -rwxr-xr-x. 1 tkello zh 1015 Sep 26 12:53 condor_exec.exe -rw-------. 1 tkello zh 4.3K Sep 26 12:53 tkello.cc drwx------. 3 tkello zh 4.0K Sep 26 12:53 tmp drwx------. 3 tkello zh 4.0K Sep 26 12:53 var
Job ended at  Thu Sep 26 15:56:39 CEST 2019
